Команды:
1. sudo docker run -it --rm --privileged ubuntu bash       # попадаем в root с привилегиями
2. apt-get update                                          # команда работает
3. apt-get install -y iptables                             # установка пакета iptables
4. iptables -A OUTPUT -j DROP                              # блокировка исходящих пакетов
5. apt-get update                                          # команда не работает

Объяснение метода:
Выполнение команды 4 в root приводит к тому, что блокируются все исходящие пакеты из контейнера, что равносильно
потере сетевого соединения для всего контейнера.
Для наделения правами суперпользователя необходимо добавить в Команду 1 флаг --privileged.

Запись работы терминала:
mikhail@mikhail-VirtualBox:~$ sudo docker run -it --rm --privileged ubuntu bash
root@43627eabc769:/# apt-get update
Get:1 http://archive.ubuntu.com/ubuntu noble InRelease [256 kB]
Get:2 http://security.ubuntu.com/ubuntu noble-security InRelease [126 kB]
Get:3 http://security.ubuntu.com/ubuntu noble-security/universe amd64 Packages [1081 kB]
Get:4 http://archive.ubuntu.com/ubuntu noble-updates InRelease [126 kB]
Get:5 http://archive.ubuntu.com/ubuntu noble-backports InRelease [126 kB]
Get:6 http://archive.ubuntu.com/ubuntu noble/main amd64 Packages [1808 kB]
Get:7 http://security.ubuntu.com/ubuntu noble-security/restricted amd64 Packages [1318 kB]
Get:8 http://security.ubuntu.com/ubuntu noble-security/multiverse amd64 Packages [22.1 kB]
Get:9 http://security.ubuntu.com/ubuntu noble-security/main amd64 Packages [1033 kB]
Get:10 http://archive.ubuntu.com/ubuntu noble/universe amd64 Packages [19.3 MB]
Get:11 http://archive.ubuntu.com/ubuntu noble/restricted amd64 Packages [117 kB]
Get:12 http://archive.ubuntu.com/ubuntu noble/multiverse amd64 Packages [331 kB]
Get:13 http://archive.ubuntu.com/ubuntu noble-updates/universe amd64 Packages [1379 kB]
Get:14 http://archive.ubuntu.com/ubuntu noble-updates/multiverse amd64 Packages [26.7 kB]
Get:15 http://archive.ubuntu.com/ubuntu noble-updates/main amd64 Packages [1353 kB]
Get:16 http://archive.ubuntu.com/ubuntu noble-updates/restricted amd64 Packages [1362 kB]
Get:17 http://archive.ubuntu.com/ubuntu noble-backports/main amd64 Packages [48.0 kB]
Get:18 http://archive.ubuntu.com/ubuntu noble-backports/universe amd64 Packages [31.8 kB]
Fetched 29.9 MB in 5s (5936 kB/s)
Reading package lists... Done
root@43627eabc769:/# apt-get install -y iptables
Reading package lists... Done
Building dependency tree... Done
Reading state information... Done
The following additional packages will be installed:
  libbsd0 libedit2 libip4tc2 libip6tc2 libjansson4 libmnl0
  libnetfilter-conntrack3 libnfnetlink0 libnftables1 libnftnl11 libxtables12
  netbase nftables
Suggested packages:
  firewalld kmod
The following NEW packages will be installed:
  iptables libbsd0 libedit2 libip4tc2 libip6tc2 libjansson4 libmnl0
  libnetfilter-conntrack3 libnfnetlink0 libnftables1 libnftnl11 libxtables12
  netbase nftables
0 upgraded, 14 newly installed, 0 to remove and 0 not upgraded.
Need to get 1215 kB of archives.
After this operation, 4955 kB of additional disk space will be used.
Get:1 http://archive.ubuntu.com/ubuntu noble-updates/main amd64 libbsd0 amd64 0.12.1-1build1.1 [41.2 kB]
Get:2 http://archive.ubuntu.com/ubuntu noble/main amd64 libmnl0 amd64 1.0.5-2build1 [12.3 kB]
Get:3 http://archive.ubuntu.com/ubuntu noble/main amd64 libxtables12 amd64 1.8.10-3ubuntu2 [35.7 kB]
Get:4 http://archive.ubuntu.com/ubuntu noble/main amd64 netbase all 6.4 [13.1 kB]
Get:5 http://archive.ubuntu.com/ubuntu noble/main amd64 libip4tc2 amd64 1.8.10-3ubuntu2 [23.3 kB]
Get:6 http://archive.ubuntu.com/ubuntu noble/main amd64 libip6tc2 amd64 1.8.10-3ubuntu2 [23.7 kB]
Get:7 http://archive.ubuntu.com/ubuntu noble/main amd64 libnfnetlink0 amd64 1.0.2-2build1 [14.8 kB]
Get:8 http://archive.ubuntu.com/ubuntu noble/main amd64 libnetfilter-conntrack3 amd64 1.0.9-6build1 [45.2 kB]
Get:9 http://archive.ubuntu.com/ubuntu noble/main amd64 libnftnl11 amd64 1.2.6-2build1 [66.0 kB]
Get:10 http://archive.ubuntu.com/ubuntu noble/main amd64 iptables amd64 1.8.10-3ubuntu2 [381 kB]
Get:11 http://archive.ubuntu.com/ubuntu noble/main amd64 libedit2 amd64 3.1-20230828-1build1 [97.6 kB]
Get:12 http://archive.ubuntu.com/ubuntu noble/main amd64 libjansson4 amd64 2.14-2build2 [32.8 kB]
Get:13 http://archive.ubuntu.com/ubuntu noble/main amd64 libnftables1 amd64 1.0.9-1build1 [358 kB]
Get:14 http://archive.ubuntu.com/ubuntu noble/main amd64 nftables amd64 1.0.9-1build1 [69.8 kB]
Fetched 1215 kB in 3s (481 kB/s)
debconf: delaying package configuration, since apt-utils is not installed
Selecting previously unselected package libbsd0:amd64.
(Reading database ... 4381 files and directories currently installed.)
Preparing to unpack .../00-libbsd0_0.12.1-1build1.1_amd64.deb ...
Unpacking libbsd0:amd64 (0.12.1-1build1.1) ...
Selecting previously unselected package libmnl0:amd64.
Preparing to unpack .../01-libmnl0_1.0.5-2build1_amd64.deb ...
Unpacking libmnl0:amd64 (1.0.5-2build1) ...
Selecting previously unselected package libxtables12:amd64.
Preparing to unpack .../02-libxtables12_1.8.10-3ubuntu2_amd64.deb ...
Unpacking libxtables12:amd64 (1.8.10-3ubuntu2) ...
Selecting previously unselected package netbase.
Preparing to unpack .../03-netbase_6.4_all.deb ...
Unpacking netbase (6.4) ...
Selecting previously unselected package libip4tc2:amd64.
Preparing to unpack .../04-libip4tc2_1.8.10-3ubuntu2_amd64.deb ...
Unpacking libip4tc2:amd64 (1.8.10-3ubuntu2) ...
Selecting previously unselected package libip6tc2:amd64.
Preparing to unpack .../05-libip6tc2_1.8.10-3ubuntu2_amd64.deb ...
Unpacking libip6tc2:amd64 (1.8.10-3ubuntu2) ...
Selecting previously unselected package libnfnetlink0:amd64.
Preparing to unpack .../06-libnfnetlink0_1.0.2-2build1_amd64.deb ...
Unpacking libnfnetlink0:amd64 (1.0.2-2build1) ...
Selecting previously unselected package libnetfilter-conntrack3:amd64.
Preparing to unpack .../07-libnetfilter-conntrack3_1.0.9-6build1_amd64.deb...
Unpacking libnetfilter-conntrack3:amd64 (1.0.9-6build1) ...
Selecting previously unselected package libnftnl11:amd64.
Preparing to unpack .../08-libnftnl11_1.2.6-2build1_amd64.deb ...
Unpacking libnftnl11:amd64 (1.2.6-2build1) ...
Selecting previously unselected package iptables.
Preparing to unpack .../09-iptables_1.8.10-3ubuntu2_amd64.deb ...
Unpacking iptables (1.8.10-3ubuntu2) ...
Selecting previously unselected package libedit2:amd64.
Preparing to unpack .../10-libedit2_3.1-20230828-1build1_amd64.deb ...
Unpacking libedit2:amd64 (3.1-20230828-1build1) ...
Selecting previously unselected package libjansson4:amd64.
Preparing to unpack .../11-libjansson4_2.14-2build2_amd64.deb ...
Unpacking libjansson4:amd64 (2.14-2build2) ...
Selecting previously unselected package libnftables1:amd64.
Preparing to unpack .../12-libnftables1_1.0.9-1build1_amd64.deb ...
Unpacking libnftables1:amd64 (1.0.9-1build1) ...
Selecting previously unselected package nftables.
Preparing to unpack .../13-nftables_1.0.9-1build1_amd64.deb ...
Unpacking nftables (1.0.9-1build1) ...
Setting up libip4tc2:amd64 (1.8.10-3ubuntu2) ...
Setting up libip6tc2:amd64 (1.8.10-3ubuntu2) ...
Setting up libjansson4:amd64 (2.14-2build2) ...
Setting up libmnl0:amd64 (1.0.5-2build1) ...
Setting up libxtables12:amd64 (1.8.10-3ubuntu2) ...
Setting up libnfnetlink0:amd64 (1.0.2-2build1) ...
Setting up netbase (6.4) ...
Setting up libbsd0:amd64 (0.12.1-1build1.1) ...
Setting up libedit2:amd64 (3.1-20230828-1build1) ...
Setting up libnftnl11:amd64 (1.2.6-2build1) ...
Setting up libnetfilter-conntrack3:amd64 (1.0.9-6build1) ...
Setting up libnftables1:amd64 (1.0.9-1build1) ...
Setting up nftables (1.0.9-1build1) ...
Setting up iptables (1.8.10-3ubuntu2) ...
update-alternatives: using /usr/sbin/iptables-legacy to provide /usr/sbin/iptables (iptables) in auto mode
update-alternatives: using /usr/sbin/ip6tables-legacy to provide /usr/sbin/ip6tables (ip6tables) in auto mode
update-alternatives: using /usr/sbin/iptables-nft to provide /usr/sbin/iptables (iptables) in auto mode
update-alternatives: using /usr/sbin/ip6tables-nft to provide /usr/sbin/ip6tables (ip6tables) in auto mode
update-alternatives: using /usr/sbin/arptables-nft to provide /usr/sbin/arptables (arptables) in auto mode
update-alternatives: using /usr/sbin/ebtables-nft to provide /usr/sbin/ebtables (ebtables) in auto mode
Processing triggers for libc-bin (2.39-0ubuntu8.4) ...
root@43627eabc769:/# iptables -A OUTPUT -j DROP
root@43627eabc769:/# apt-get update
Ign:1 http://security.ubuntu.com/ubuntu noble-security InRelease
Ign:2 http://archive.ubuntu.com/ubuntu noble InRelease
Ign:3 http://archive.ubuntu.com/ubuntu noble-updates InRelease
Ign:4 http://archive.ubuntu.com/ubuntu noble-backports InRelease
Ign:2 http://archive.ubuntu.com/ubuntu noble InRelease
Ign:1 http://security.ubuntu.com/ubuntu noble-security InRelease
Ign:3 http://archive.ubuntu.com/ubuntu noble-updates InRelease
Ign:4 http://archive.ubuntu.com/ubuntu noble-backports InRelease
Ign:2 http://archive.ubuntu.com/ubuntu noble InRelease
Ign:1 http://security.ubuntu.com/ubuntu noble-security InRelease
Ign:3 http://archive.ubuntu.com/ubuntu noble-updates InRelease
Ign:4 http://archive.ubuntu.com/ubuntu noble-backports InRelease
Err:1 http://security.ubuntu.com/ubuntu noble-security InRelease
  Temporary failure resolving 'security.ubuntu.com'
Err:2 http://archive.ubuntu.com/ubuntu noble InRelease
  Temporary failure resolving 'archive.ubuntu.com'
Err:3 http://archive.ubuntu.com/ubuntu noble-updates InRelease
  Temporary failure resolving 'archive.ubuntu.com'
Err:4 http://archive.ubuntu.com/ubuntu noble-backports InRelease
  Temporary failure resolving 'archive.ubuntu.com'
Reading package lists... Done
W: Failed to fetch http://archive.ubuntu.com/ubuntu/dists/noble/InRelease  Temporary failure resolving 'archive.ubuntu.com'
W: Failed to fetch http://archive.ubuntu.com/ubuntu/dists/noble-updates/InRelease  Temporary failure resolving 'archive.ubuntu.com'
W: Failed to fetch http://archive.ubuntu.com/ubuntu/dists/noble-backports/InRelease  Temporary failure resolving 'archive.ubuntu.com'
W: Failed to fetch http://security.ubuntu.com/ubuntu/dists/noble-security/InRelease  Temporary failure resolving 'security.ubuntu.com'
W: Some index files failed to download. They have been ignored, or old ones used instead.
root@43627eabc769:/#